0 verbose cli C:\Program Files\nodejs\node.exe C:\Program Files\nodejs\node_modules\npm\bin\npm-cli.js
1 info using npm@11.6.1
2 info using node@v24.11.0
3 silly config load:file:C:\Program Files\nodejs\node_modules\npm\npmrc
4 silly config load:file:C:\Users\guici\Desktop\SaberTI16\Product and Budget Control System\.npmrc
5 silly config load:file:C:\Users\guici\.npmrc
6 silly config load:file:C:\Users\guici\AppData\Roaming\npm\etc\npmrc
7 verbose title npm ci
8 verbose argv "ci" "--cache" ".npm-cache"
9 verbose logfile logs-max:10 dir:C:\Users\guici\Desktop\SaberTI16\Product and Budget Control System\.npm-cache\_logs\2026-09-07T06_59_21_818Z-
10 verbose logfile C:\Users\guici\Desktop\SaberTI16\Product and Budget Control System\.npm-cache\_logs\2026-09-07T06_59_21_818Z-debug-0.log
11 silly logfile done cleaning log files
12 silly packumentCache heap:4496293888 maxSize:1124073472 maxEntrySize:562036736
13 silly idealTree buildDeps
14 http fetch GET https://registry.npmjs.org/npm attempt 1 failed with EACCES
15 silly reify moves {}
16 silly audit bulk request {
16 silly audit   '@electric-sql/pglite': [ '0.5.8' ],
16 silly audit   '@playwright/test': [ '1.63.0' ],
16 silly audit   playwright: [ '1.63.0' ],
16 silly audit   'playwright-core': [ '1.63.0' ]
16 silly audit }
17 http cache @playwright/test@https://registry.npmjs.org/@playwright/test/-/test-1.63.0.tgz 1ms (cache hit)
18 http cache @electric-sql/pglite@https://registry.npmjs.org/@electric-sql/pglite/-/pglite-0.5.8.tgz 0ms (cache hit)
19 http cache playwright-core@https://registry.npmjs.org/playwright-core/-/playwright-core-1.63.0.tgz 0ms (cache hit)
20 http cache playwright@https://registry.npmjs.org/playwright/-/playwright-1.63.0.tgz 0ms (cache hit)
21 silly tarball no local data for @playwright/test@https://registry.npmjs.org/@playwright/test/-/test-1.63.0.tgz. Extracting by manifest.
22 silly tarball no local data for @electric-sql/pglite@https://registry.npmjs.org/@electric-sql/pglite/-/pglite-0.5.8.tgz. Extracting by manifest.
23 silly tarball no local data for playwright-core@https://registry.npmjs.org/playwright-core/-/playwright-core-1.63.0.tgz. Extracting by manifest.
24 silly tarball no local data for playwright@https://registry.npmjs.org/playwright/-/playwright-1.63.0.tgz. Extracting by manifest.
25 verbose audit error FetchError: request to https://registry.npmjs.org/-/npm/v1/security/advisories/bulk failed, reason: 
25 verbose audit error     at ClientRequest.<anonymous> (C:\Program Files\nodejs\node_modules\npm\node_modules\minipass-fetch\lib\index.js:130:14)
25 verbose audit error     at ClientRequest.emit (node:events:508:28)
25 verbose audit error     at emitErrorEvent (node:_http_client:107:11)
25 verbose audit error     at _destroy (node:_http_client:954:9)
25 verbose audit error     at onSocketNT (node:_http_client:974:5)
25 verbose audit error     at process.processTicksAndRejections (node:internal/process/task_queues:91:21) {
25 verbose audit error   code: 'EACCES',
25 verbose audit error   errno: 'EACCES',
25 verbose audit error   type: 'system'
25 verbose audit error }
26 silly audit error undefined
27 silly audit report null
28 http fetch GET https://registry.npmjs.org/@playwright/test/-/test-1.63.0.tgz attempt 1 failed with EACCES
29 http fetch GET https://registry.npmjs.org/@electric-sql/pglite/-/pglite-0.5.8.tgz attempt 1 failed with EACCES
30 http fetch GET https://registry.npmjs.org/playwright-core/-/playwright-core-1.63.0.tgz attempt 1 failed with EACCES
31 http fetch GET https://registry.npmjs.org/playwright/-/playwright-1.63.0.tgz attempt 1 failed with EACCES
32 http fetch GET https://registry.npmjs.org/npm attempt 2 failed with EACCES
33 http fetch GET https://registry.npmjs.org/@playwright/test/-/test-1.63.0.tgz attempt 2 failed with EACCES
34 http fetch GET https://registry.npmjs.org/@electric-sql/pglite/-/pglite-0.5.8.tgz attempt 2 failed with EACCES
35 http fetch GET https://registry.npmjs.org/playwright-core/-/playwright-core-1.63.0.tgz attempt 2 failed with EACCES
36 http fetch GET https://registry.npmjs.org/playwright/-/playwright-1.63.0.tgz attempt 2 failed with EACCES
37 http fetch GET https://registry.npmjs.org/npm attempt 3 failed with EACCES
38 http fetch GET https://registry.npmjs.org/@playwright/test/-/test-1.63.0.tgz attempt 3 failed with EACCES
39 http fetch GET https://registry.npmjs.org/@electric-sql/pglite/-/pglite-0.5.8.tgz attempt 3 failed with EACCES
40 http fetch GET https://registry.npmjs.org/playwright-core/-/playwright-core-1.63.0.tgz attempt 3 failed with EACCES
41 http fetch GET https://registry.npmjs.org/playwright/-/playwright-1.63.0.tgz attempt 3 failed with EACCES
42 verbose type system
43 verbose stack FetchError: request to https://registry.npmjs.org/playwright-core/-/playwright-core-1.63.0.tgz failed, reason: 
43 verbose stack     at ClientRequest.<anonymous> (C:\Program Files\nodejs\node_modules\npm\node_modules\minipass-fetch\lib\index.js:130:14)
43 verbose stack     at ClientRequest.emit (node:events:508:28)
43 verbose stack     at emitErrorEvent (node:_http_client:107:11)
43 verbose stack     at _destroy (node:_http_client:954:9)
43 verbose stack     at onSocketNT (node:_http_client:974:5)
43 verbose stack     at process.processTicksAndRejections (node:internal/process/task_queues:91:21)
44 error code EACCES
45 error errno EACCES
46 error FetchError: request to https://registry.npmjs.org/playwright-core/-/playwright-core-1.63.0.tgz failed, reason: 
46 error     at ClientRequest.<anonymous> (C:\Program Files\nodejs\node_modules\npm\node_modules\minipass-fetch\lib\index.js:130:14)
46 error     at ClientRequest.emit (node:events:508:28)
46 error     at emitErrorEvent (node:_http_client:107:11)
46 error     at _destroy (node:_http_client:954:9)
46 error     at onSocketNT (node:_http_client:974:5)
46 error     at process.processTicksAndRejections (node:internal/process/task_queues:91:21) {
46 error   code: 'EACCES',
46 error   errno: 'EACCES',
46 error   type: 'system'
46 error }
47 error
47 error The operation was rejected by your operating system.
47 error It's possible that the file was already in use (by a text editor or antivirus),
47 error or that you lack permissions to access it.
47 error
47 error If you believe this might be a permissions issue, please double-check the
47 error permissions of the file and its containing directories, or try running
47 error the command again as root/Administrator.
48 silly unfinished npm timer reify 1788764373528
49 silly unfinished npm timer reify:unpack 1788764373555
50 silly unfinished npm timer reifyNode:node_modules/playwright-core 1788764373555
51 silly unfinished npm timer reifyNode:node_modules/playwright 1788764373555
52 silly unfinished npm timer reifyNode:node_modules/@playwright/test 1788764373555
53 silly unfinished npm timer reifyNode:node_modules/@electric-sql/pglite 1788764373555
54 verbose cwd C:\Users\guici\Desktop\SaberTI16\Product and Budget Control System
55 verbose os Windows_NT 10.0.26200
56 verbose node v24.11.0
57 verbose npm  v11.6.1
58 verbose exit 1
59 verbose code 1
60 error A complete log of this run can be found in: C:\Users\guici\Desktop\SaberTI16\Product and Budget Control System\.npm-cache\_logs\2026-09-07T06_59_21_818Z-debug-0.log
